<html>
<body>
<pre>
<h1>µVision Build Log</h1>
<h2>Tool Versions:</h2>
IDE-Version: µVision V5.41.0.0
Copyright (C) 2024 ARM Ltd and ARM Germany GmbH. All rights reserved.
License Information: Minh Vu
RMIT
User-based license: Keil MDK Nuvoton Edition - Full Cortex-M
Valid until: Sep 27 2034. Cached until: May 30 2025
 
Tool Versions:
Toolchain:       Keil MDK Nuvoton Edition - Full Cortex-M  Version: 5.41.0.0
Toolchain Path:  C:\Users\Justaviet\AppData\Local\Keil_v5\ARM\ARMCLANG\Bin
C Compiler:      ArmClang.exe V6.22
Assembler:       Armasm.exe V6.22
Linker/Locator:  ArmLink.exe V6.22
Library Manager: ArmAr.exe V6.22
Hex Converter:   FromElf.exe V6.22
CPU DLL:         SARMCM3.DLL V5.41.0.0
Dialog DLL:      DARMCM1.DLL V1.19.6.0
Target DLL:      Nu_Link.dll V3.18
Dialog DLL:      TARMCM1.DLL V1.14.6.0
 
<h2>Project:</h2>
C:\Users\Justaviet\OneDrive - RMIT University\Desktop\RMIT\EEET2481\Tutorial\EEET2481_Tutorial_8_M480_LCD_with_Touch\Tutorial_8_M480_LCD_with_Touch\KEIL\M480_LCD_with_Touch.uvproj
Project File Date:  05/13/2025

<h2>Output:</h2>
*** Using Compiler 'V6.22', folder: 'C:\Users\Justaviet\AppData\Local\Keil_v5\ARM\ARMCLANG\Bin'
Rebuild target 'M480_LCD_with_Touch'
creating preprocessor file for system_M480.c...
assembling startup_M480.s...
compiling system_M480.c...
creating preprocessor file for main.c...
compiling main.c...
creating preprocessor file for EBI_LCD_Module.c...
creating preprocessor file for image.c...
compiling image.c...
creating preprocessor file for image_16x32.c...
compiling EBI_LCD_Module.c...
compiling image_16x32.c...
creating preprocessor file for image_data.c...
creating preprocessor file for clk.c...
creating preprocessor file for retarget.c...
compiling clk.c...
compiling retarget.c...
creating preprocessor file for sys.c...
compiling sys.c...
creating preprocessor file for timer.c...
creating preprocessor file for uart.c...
compiling timer.c...
creating preprocessor file for gpio.c...
compiling uart.c...
creating preprocessor file for eadc.c...
compiling gpio.c...
compiling image_data.c...
creating preprocessor file for ebi.c...
compiling eadc.c...
compiling ebi.c...
linking...
Program Size: Code=16960 RO-data=461588 RW-data=44 ZI-data=2144  
After Build - User command #1: fromelf --bin ".\obj\M480_LCD_with_Touch.axf" --output ".\obj\M480_LCD_with_Touch.bin"
After Build - User command #2: fromelf --text -c ".\obj\M480_LCD_with_Touch.axf" --output ".\obj\M480_LCD_with_Touch.txt"
".\obj\M480_LCD_with_Touch.axf" - 0 Error(s), 0 Warning(s).
Build Time Elapsed:  00:00:13
</pre>
</body>
</html>
